revenue = 63

x [*,0,0,0,*]
:    0   1   2    :=
B1   0   0   0
B2   0   0   0
B3   0   0   0
B4   0   0   0

 [*,0,0,1,*]
:    0   1   2    :=
B1   0   0   0
B2   0   0   0
B3   0   0   0
B4   0   0   0

 [*,0,0,2,*]
:    0   1   2    :=
B1   0   0   0
B2   0   0   0
B3   0   0   0
B4   0   0   0

 [*,0,1,0,*]
:    0   1   2    :=
B1   0   0   0
B2   0   0   0
B3   0   0   0
B4   0   0   0

 [*,0,1,1,*]
:    0   1   2    :=
B1   0   0   0
B2   0   0   0
B3   0   0   0
B4   0   0   0

 [*,0,1,2,*]
:    0   1   2    :=
B1   0   0   0
B2   0   0   0
B3   0   0   0
B4   0   0   0

 [*,0,2,0,*]
:    0   1   2    :=
B1   0   0   0
B2   0   0   1
B3   0   0   0
B4   0   0   0

 [*,0,2,1,*]
:    0   1   2    :=
B1   0   0   0
B2   0   0   0
B3   0   0   0
B4   0   0   0

 [*,0,2,2,*]
:    0   1   2    :=
B1   0   0   0
B2   0   0   0
B3   0   0   0
B4   0   0   0

 [*,1,0,0,*]
:    0   1   2    :=
B1   0   0   0
B2   0   0   0
B3   0   0   0
B4   0   0   0

 [*,1,0,1,*]
:    0   1   2    :=
B1   0   0   0
B2   0   0   0
B3   0   0   0
B4   0   0   0

 [*,1,0,2,*]
:    0   1   2    :=
B1   0   0   0
B2   0   0   0
B3   0   0   0
B4   0   0   0

 [*,1,1,0,*]
:    0   1   2    :=
B1   0   0   0
B2   0   0   0
B3   0   0   0
B4   0   0   0

 [*,1,1,1,*]
:    0   1   2    :=
B1   0   0   0
B2   0   0   0
B3   0   0   0
B4   0   0   0

 [*,1,1,2,*]
:    0   1   2    :=
B1   0   0   0
B2   0   0   0
B3   0   0   0
B4   0   0   0

 [*,1,2,0,*]
:    0   1   2    :=
B1   0   0   0
B2   0   0   0
B3   0   0   0
B4   0   0   0

 [*,1,2,1,*]
:    0   1   2    :=
B1   0   0   0
B2   0   0   0
B3   0   0   0
B4   0   0   0

 [*,1,2,2,*]
:    0   1   2    :=
B1   0   0   0
B2   0   0   0
B3   0   0   0
B4   0   0   0
;

